Rosalie Allen
Sally Alvarez
Eva Baldwin
Norma Ball
Carmen Banks
Amy Boone
Jeff Bowers
Ralph Boyd
Brad Brady
Troy Bryant
Victoria Bush
Moses Carroll
Doreen Carson
Brent Christensen
Lois Coleman
Andres Cook
Yolanda Crawford
Leticia Cruz
Francis Cummings
Phil Curtis
Vicki Davidson
Clifton Delgado
Muriel Diaz
Kyle Drake
Craig Dunn
Rodolfo Ferguson
Tamara Flowers
Caroline Francis
Phyllis French
Anthony Gill
Randy Gomez
Maggie Gonzalez
Conrad Gray
Alfred Griffin
Shelley Guzman
Pamela Hale
Allison Hall
Emilio Hamilton
Mercedes Hanson
Angelina Harrison
Mary Hart
Shari Harvey
Milton Hayes
Curtis Henry
Frederick Herrera
Penny Holland
Derrick Hunt
Debbie Joseph
Terence Larson
Misty Lawrence
Anita Lawson
Sandy Lindsey
Bill Luna
Shaun Lynch
Brooke Manning
Jody Mckinney
Joseph Miller
Lola Mitchell
Yvette Moore
Ian Mullins
Phillip Neal
Darren Nelson
Clara Nichols
Jesus Olson
Marian Parsons
Russell Peters
Shirley Poole
Rickey Porter
Bryan Price
Marvin Ramsey
Sheryl Reeves
Priscilla Reyes
Dianna Richards
Enrique Robbins
Courtney Roberts
Jo Rodgers
David Russell
Clay Sanchez
Angel Shelton
Jorge Snyder
Julie Soto
Marco Sparks
Susan Stanley
Della Steele
Luther Stephens
Darlene Stevenson
Judy Sutton
Owen Swanson
Colleen Todd
Fannie Vasquez
Tyrone Wagner
Darrell Walters
Robyn Warner
James Welch
Geneva West
Fernando Wheeler
Casey Williamson
Frances Wilson
Sue Wise
Eula Wong
49
